Γû▓ Next.js 16.1.6 (Turbopack)

  Creating an optimized production build ...
node.exe : 
At line:1 char:1
+ & "C:\Program 
Files\nodejs/node.exe" 
"C:\Program 
Files\nodejs/node_mo ...
+ ~~~~~~~~~~~~~~~~~~~~~~~~~~~~
~~~~~~~~~~~~~~~~~~~~~~~~~~~~~~
~~~~~~~~~~~
    + CategoryInfo          : 
    NotSpecified: (:String)   
  [], RemoteException
    + FullyQualifiedErrorId : 
    NativeCommandError
 
> Build error occurred
Error: Turbopack build failed 
with 1 errors:
./data/index.ts:110:140
Parsing ecmascript source 
code failed
[0m [90m 108 |[39m         
[32m"I'm a 
<strong>multidisciplinary 
creator</strong> who moves 
between code editors and 
sketchbooks with equal 
comfort. My work lives at the 
crossroads of 
<strong>technology and 
aesthetics</strong> ΓÇö 
building digital experiences 
that feel as considered as a 
well-set page of 
type."[39m[33m,[39m 
[90m// TODO: first 
paragraph[39m
 [90m 109 |[39m         
[32m"When I'm not pushing 
pixels or debugging state 
machines, you'll find me 
<strong>sketching 
portraits</strong>, curating 
playlists that tell stories, 
or getting lost in open-world 
games that feel like living 
inside a 
painting."[39m[33m,[39m 
[90m// TODO: second 
paragraph[39m
[31m[1m>[22m[39m[90m 110 
|[39m         [32m"I 
believe the best work comes 
from <strong>genuine 
curiosity</strong>, quiet 
persistence, and a healthy 
disregard for the phrase 
"[39mthat[32m's how 
it'[39ms always been done[33
m.[39m[32m""[39m[33m,[39m
 [90m// TODO: third 
paragraph[39m
 [90m     |[39m             
                              
                              
                              
                              
       [31m[1m^[22m[39m[3
1m[1m^[22m[39m[31m[1m^[2
2m[39m[31m[1m^[22m[39m
 [90m 111 |[39m     
][33m,[39m
 [90m 112 |[39m     
location[33m:[39m 
[32m"Somewhere on 
Earth"[39m[33m,[39m 
[90m// TODO: your city / 
country[39m
 [90m 113 |[39m 
}[33m;[39m[0m

Expected ',', got 'ident'

Import traces:
  Client Component Browser:
    ./data/index.ts [Client 
Component Browser]
    ./components/sections/Foot
er.tsx [Client Component 
Browser]
    ./app/page.tsx [Client 
Component Browser]
    ./app/page.tsx [Server 
Component]

  Client Component SSR:
    ./data/index.ts [Client 
Component SSR]
    ./components/sections/Foot
er.tsx [Client Component SSR]
    ./app/page.tsx [Client 
Component SSR]
    ./app/page.tsx [Server 
Component]


    at <unknown> 
(./data/index.ts:110:140)
